I'm sorry, but errors were detected in your script. Please correct the
errors listed below, and try again.


File "game/script.rpy", line 89: end of line expected.
    scene black at zoom_1with dissolve
                              ^

Ren'Py Version: Ren'Py 8.1.3.23091805
Fri May 24 03:31:59 2024
